// Jest Snapshot v1, https://goo.gl/fbAQLP

exports[`renders OrderPage should match snapshot 1`] = `
<div>
  <div
    class="makeStyles-root-17"
  >
    <header
      class="MuiPaper-root MuiAppBar-root MuiAppBar-positionStatic MuiAppBar-colorPrimary makeStyles-appBar-19 MuiPaper-elevation4"
    >
      <div
        class="MuiToolbar-root MuiToolbar-regular makeStyles-header-20 MuiToolbar-gutters"
      >
        <div
          class="makeStyles-logoContainer-21"
        >
          <button
            aria-controls="long-menu"
            aria-haspopup="true"
            aria-label="more"
            class="MuiButtonBase-root MuiIconButton-root"
            tabindex="0"
            type="button"
          >
            <span
              class="MuiIconButton-label"
            >
              <svg
                aria-hidden="true"
                class="MuiSvgIcon-root"
                focusable="false"
                viewBox="0 0 24 24"
              >
                <path
                  d="M3 18h18v-2H3v2zm0-5h18v-2H3v2zm0-7v2h18V6H3z"
                />
              </svg>
            </span>
            <span
              class="MuiTouchRipple-root"
            />
          </button>
          <img
            alt="cmai"
            height="50px"
            src="logo.png"
          />
        </div>
        <div
          class="makeStyles-flex-27"
        >
          <div
            class="makeStyles-search-29"
          >
            <div
              class="makeStyles-searchIcon-30"
            >
              <svg
                aria-hidden="true"
                class="MuiSvgIcon-root"
                focusable="false"
                viewBox="0 0 24 24"
              >
                <path
                  d="M15.5 14h-.79l-.28-.27C15.41 12.59 16 11.11 16 9.5 16 5.91 13.09 3 9.5 3S3 5.91 3 9.5 5.91 16 9.5 16c1.61 0 3.09-.59 4.23-1.57l.27.28v.79l5 4.99L20.49 19l-4.99-5zm-6 0C7.01 14 5 11.99 5 9.5S7.01 5 9.5 5 14 7.01 14 9.5 11.99 14 9.5 14z"
                />
              </svg>
            </div>
            <div
              class="MuiInputBase-root makeStyles-inputRoot-31"
            >
              <input
                aria-label="search"
                class="MuiInputBase-input makeStyles-inputInput-32"
                placeholder="Search…"
                type="text"
                value=""
              />
            </div>
          </div>
          <button
            class="MuiButtonBase-root MuiButton-root MuiButton-text MuiButton-colorInherit"
            tabindex="0"
            type="button"
          >
            <span
              class="MuiButton-label"
            >
              <span
                class="MuiButton-startIcon MuiButton-iconSizeMedium"
              >
                <svg
                  aria-hidden="true"
                  class="MuiSvgIcon-root"
                  focusable="false"
                  viewBox="0 0 24 24"
                >
                  <path
                    d="M12 2C6.48 2 2 6.48 2 12s4.48 10 10 10 10-4.48 10-10S17.52 2 12 2zm0 3c1.66 0 3 1.34 3 3s-1.34 3-3 3-3-1.34-3-3 1.34-3 3-3zm0 14.2c-2.5 0-4.71-1.28-6-3.22.03-1.99 4-3.08 6-3.08 1.99 0 5.97 1.09 6 3.08-1.29 1.94-3.5 3.22-6 3.22z"
                  />
                </svg>
              </span>
              Iniciar Sessão
            </span>
            <span
              class="MuiTouchRipple-root"
            />
          </button>
        </div>
      </div>
    </header>
  </div>
  <div
    class="makeStyles-dividerMargin-23"
  >
    <hr
      class="MuiDivider-root makeStyles-divider-22"
    />
  </div>
  <div
    class="MuiContainer-root makeStyles-container-14 MuiContainer-maxWidthLg"
  >
    <div
      class="MuiContainer-root makeStyles-root-1 MuiContainer-maxWidthLg"
    >
      <h5
        class="MuiTypography-root makeStyles-title-2 MuiTypography-h5"
      >
        Encomenda
      </h5>
      <hr
        class="MuiDivider-root makeStyles-divider-3"
      />
      <div
        class="makeStyles-emptyCart-13"
      >
        <svg
          aria-hidden="true"
          class="MuiSvgIcon-root"
          focusable="false"
          viewBox="0 0 24 24"
        >
          <path
            d="M1 21h22L12 2 1 21zm12-3h-2v-2h2v2zm0-4h-2v-4h2v4z"
          />
        </svg>
        <p
          class="MuiTypography-root makeStyles-warningMessage-12 MuiTypography-body2"
        >
          Não existem produtos no carrinho!
        </p>
      </div>
    </div>
  </div>
</div>
`;
